[    0.000000] Linux version 4.15.0-88-generic (buildd@lgw01-amd64-036) (gcc version 7.4.0 (Ubuntu 7.4.0-1ubuntu1~18.04.1)) #88-Ubuntu SMP Tue Feb 11 20:11:34 UTC 2020 (Ubuntu 4.15.0-88.88-generic 4.15.18)
[    0.000000] Command line: BOOT_IMAGE=/boot/vmlinuz-4.15.0-88-generic root=UUID=e85304f2-7884-4864-94e2-dff95697fa41 ro console=tty1 console=ttyS0
[    0.000000] KERNEL supported cpus:
[    0.000000]   Intel GenuineIntel
[    0.000000]   AMD AuthenticAMD
[    0.000000]   Centaur CentaurHauls
[    0.000000] x86/fpu: Supporting XSAVE feature 0x001: 'x87 floating point registers'
[    0.000000] x86/fpu: Supporting XSAVE feature 0x002: 'SSE registers'
[    0.000000] x86/fpu: Supporting XSAVE feature 0x004: 'AVX registers'
[    0.000000] x86/fpu: xstate_offset[2]:  576, xstate_sizes[2]:  256
[    0.000000] x86/fpu: Enabled xstate features 0x7, context size is 832 bytes, using 'standard' format.
[    0.000000] e820: BIOS-provided physical RAM map:
[    0.000000] BIOS-e820: [mem 0x0000000000000000-0x000000000009fbff] usable
[    0.000000] BIOS-e820: [mem 0x000000000009fc00-0x000000000009ffff] reserved
[    0.000000] BIOS-e820: [mem 0x00000000000f0000-0x00000000000fffff] reserved
[    0.000000] BIOS-e820: [mem 0x0000000000100000-0x000000003ffeffff] usable
[    0.000000] BIOS-e820: [mem 0x000000003fff0000-0x000000003fffffff] ACPI data
[    0.000000] BIOS-e820: [mem 0x00000000fec00000-0x00000000fec00fff] reserved
[    0.000000] BIOS-e820: [mem 0x00000000fee00000-0x00000000fee00fff] reserved
[    0.000000] BIOS-e820: [mem 0x00000000fffc0000-0x00000000ffffffff] reserved
[    0.000000] NX (Execute Disable) protection: active
[    0.000000] SMBIOS 2.5 present.
[    0.000000] DMI: innotek GmbH VirtualBox/VirtualBox, BIOS VirtualBox 12/01/2006
[    0.000000] Hypervisor detected: KVM
[    0.000000] e820: last_pfn = 0x3fff0 max_arch_pfn = 0x400000000
[    0.000000] MTRR: Disabled
[    0.000000] x86/PAT: MTRRs disabled, skipping PAT initialization too.
[    0.000000] CPU MTRRs all blank - virtualized system.
[    0.000000] x86/PAT: Configuration [0-7]: WB  WT  UC- UC  WB  WT  UC- UC  
[    0.000000] found SMP MP-table at [mem 0x0009fff0-0x0009ffff]
[    0.000000] Scanning 1 areas for low memory corruption
[    0.000000] RAMDISK: [mem 0x35965000-0x36ca9fff]
[    0.000000] ACPI: Early table checksum verification disabled
[    0.000000] ACPI: RSDP 0x00000000000E0000 000024 (v02 VBOX  )
[    0.000000] ACPI: XSDT 0x000000003FFF0030 00003C (v01 VBOX   VBOXXSDT 00000001 ASL  00000061)
[    0.000000] ACPI: FACP 0x000000003FFF00F0 0000F4 (v04 VBOX   VBOXFACP 00000001 ASL  00000061)
[    0.000000] ACPI: DSDT 0x000000003FFF0470 0022EA (v02 VBOX   VBOXBIOS 00000002 INTL 20100528)
[    0.000000] ACPI: FACS 0x000000003FFF0200 000040
[    0.000000] ACPI: FACS 0x000000003FFF0200 000040
[    0.000000] ACPI: APIC 0x000000003FFF0240 00005C (v02 VBOX   VBOXAPIC 00000001 ASL  00000061)
[    0.000000] ACPI: SSDT 0x000000003FFF02A0 0001CC (v01 VBOX   VBOXCPUT 00000002 INTL 20100528)
[    0.000000] No NUMA configuration found
[    0.000000] Faking a node at [mem 0x0000000000000000-0x000000003ffeffff]
[    0.000000] NODE_DATA(0) allocated [mem 0x3ffc5000-0x3ffeffff]
[    0.000000] kvm-clock: cpu 0, msr 0:3ff44001, primary cpu clock
[    0.000000] kvm-clock: Using msrs 4b564d01 and 4b564d00
[    0.000000] kvm-clock: using sched offset of 5085655596 cycles
[    0.000000] clocksource: kvm-clock: mask: 0xffffffffffffffff max_cycles: 0x1cd42e4dffb, max_idle_ns: 881590591483 ns
[    0.000000] Zone ranges:
[    0.000000]   DMA      [mem 0x0000000000001000-0x0000000000ffffff]
[    0.000000]   DMA32    [mem 0x0000000001000000-0x000000003ffeffff]
[    0.000000]   Normal   empty
[    0.000000]   Device   empty
[    0.000000] Movable zone start for each node
[    0.000000] Early memory node ranges
[    0.000000]   node   0: [mem 0x0000000000001000-0x000000000009efff]
[    0.000000]   node   0: [mem 0x0000000000100000-0x000000003ffeffff]
[    0.000000] Reserved but unavailable: 98 pages
[    0.000000] Initmem setup node 0 [mem 0x0000000000001000-0x000000003ffeffff]
[    0.000000] ACPI: PM-Timer IO Port: 0x4008
[    0.000000] IOAPIC[0]: apic_id 2, version 32, address 0xfec00000, GSI 0-23
[    0.000000] ACPI: INT_SRC_OVR (bus 0 bus_irq 0 global_irq 2 dfl dfl)
[    0.000000] ACPI: INT_SRC_OVR (bus 0 bus_irq 9 global_irq 9 low level)
[    0.000000] Using ACPI (MADT) for SMP configuration information
[    0.000000] smpboot: Allowing 2 CPUs, 0 hotplug CPUs
[    0.000000] PM: Registered nosave memory: [mem 0x00000000-0x00000fff]
[    0.000000] PM: Registered nosave memory: [mem 0x0009f000-0x0009ffff]
[    0.000000] PM: Registered nosave memory: [mem 0x000a0000-0x000effff]
[    0.000000] PM: Registered nosave memory: [mem 0x000f0000-0x000fffff]
[    0.000000] e820: [mem 0x40000000-0xfebfffff] available for PCI devices
[    0.000000] Booting paravirtualized kernel on KVM
[    0.000000] clocksource: refined-jiffies: mask: 0xffffffff max_cycles: 0xffffffff, max_idle_ns: 7645519600211568 ns
[    0.000000] random: get_random_bytes called from start_kernel+0x99/0x4fd with crng_init=0
[    0.000000] setup_percpu: NR_CPUS:8192 nr_cpumask_bits:2 nr_cpu_ids:2 nr_node_ids:1
[    0.000000] percpu: Embedded 45 pages/cpu s147456 r8192 d28672 u1048576
[    0.000000] PV qspinlock hash table entries: 256 (order: 0, 4096 bytes)
[    0.000000] Built 1 zonelists, mobility grouping on.  Total pages: 257913
[    0.000000] Policy zone: DMA32
[    0.000000] Kernel command line: BOOT_IMAGE=/boot/vmlinuz-4.15.0-88-generic root=UUID=e85304f2-7884-4864-94e2-dff95697fa41 ro console=tty1 console=ttyS0
[    0.000000] Memory: 982540K/1048120K available (12300K kernel code, 2481K rwdata, 4264K rodata, 2428K init, 2712K bss, 65580K reserved, 0K cma-reserved)
[    0.000000] SLUB: HWalign=64, Order=0-3, MinObjects=0, CPUs=2, Nodes=1
[    0.000000] Kernel/User page tables isolation: enabled
[    0.000000] ftrace: allocating 39344 entries in 154 pages
[    0.004000] Hierarchical RCU implementation.
[    0.004000] 	RCU restricting CPUs from NR_CPUS=8192 to nr_cpu_ids=2.
[    0.004000] 	Tasks RCU enabled.
[    0.004000] RCU: Adjusting geometry for rcu_fanout_leaf=16, nr_cpu_ids=2
[    0.004000] NR_IRQS: 524544, nr_irqs: 440, preallocated irqs: 16
[    0.004000] Console: colour VGA+ 80x25
[    0.004000] console [tty1] enabled
[    0.004000] console [ttyS0] enabled
[    0.004000] ACPI: Core revision 20170831
[    0.004000] ACPI: 2 ACPI AML tables successfully acquired and loaded
[    0.004000] APIC: Switch to symmetric I/O mode setup
[    0.004000] x2apic enabled
[    0.004000] Switched APIC routing to physical x2apic.
[    0.004000] ..TIMER: vector=0x30 apic1=0 pin1=2 apic2=-1 pin2=-1
[    0.004006] tsc: Detected 1899.999 MHz processor
[    0.006104] Calibrating delay loop (skipped) preset value.. 3799.99 BogoMIPS (lpj=7599996)
[    0.008005] pid_max: default: 32768 minimum: 301
[    0.009634] Security Framework initialized
[    0.012004] Yama: becoming mindful.
[    0.012996] AppArmor: AppArmor initialized
[    0.015902] Dentry cache hash table entries: 131072 (order: 8, 1048576 bytes)
[    0.016089] Inode-cache hash table entries: 65536 (order: 7, 524288 bytes)
[    0.020018] Mount-cache hash table entries: 2048 (order: 2, 16384 bytes)
[    0.021708] Mountpoint-cache hash table entries: 2048 (order: 2, 16384 bytes)
[    0.024288] Last level iTLB entries: 4KB 1024, 2MB 1024, 4MB 1024
[    0.025850] Last level dTLB entries: 4KB 1024, 2MB 1024, 4MB 1024, 1GB 4
[    0.028005] Spectre V1 : Mitigation: usercopy/swapgs barriers and __user pointer sanitization
[    0.030194] Spectre V2 : Mitigation: Full generic retpoline
[    0.031606] Spectre V2 : Spectre v2 / SpectreRSB mitigation: Filling RSB on context switch
[    0.032002] Speculative Store Bypass: Vulnerable
[    0.033249] MDS: Mitigation: Clear CPU buffers
[    0.036251] Freeing SMP alternatives memory: 36K
[    0.152191] smpboot: CPU0: Intel(R) Core(TM) i5-4250U CPU @ 1.30GHz (family: 0x6, model: 0x45, stepping: 0x1)
[    0.156124] Performance Events: unsupported p6 CPU model 69 no PMU driver, software events only.
[    0.160104] Hierarchical SRCU implementation.
[    0.164777] NMI watchdog: Perf event create on CPU 0 failed with -2
[    0.168008] NMI watchdog: Perf NMI watchdog permanently disabled
[    0.170633] smp: Bringing up secondary CPUs ...
[    0.172114] x86: Booting SMP configuration:
[    0.173398] .... node  #0, CPUs:      #1
[    0.004000] kvm-clock: cpu 1, msr 0:3ff44041, secondary cpu clock
[    0.180010] smp: Brought up 1 node, 2 CPUs
[    0.181763] smpboot: Max logical packages: 1
[    0.184009] smpboot: Total of 2 processors activated (7599.99 BogoMIPS)
[    0.188069] devtmpfs: initialized
[    0.189267] x86/mm: Memory block size: 128MB
[    0.190575] evm: security.selinux
[    0.192004] evm: security.SMACK64
[    0.192931] evm: security.SMACK64EXEC
[    0.193945] evm: security.SMACK64TRANSMUTE
[    0.195038] evm: security.SMACK64MMAP
[    0.196003] evm: security.apparmor
[    0.196926] evm: security.ima
[    0.197847] evm: security.capability
[    0.200013] clocksource: jiffies: mask: 0xffffffff max_cycles: 0xffffffff, max_idle_ns: 7645041785100000 ns
[    0.202510] futex hash table entries: 512 (order: 3, 32768 bytes)
[    0.205779] pinctrl core: initialized pinctrl subsystem
[    0.207420] RTC time: 10:59:43, date: 03/02/20
[    0.208261] NET: Registered protocol family 16
[    0.210154] audit: initializing netlink subsys (disabled)
[    0.212059] audit: type=2000 audit(1583146789.602:1): state=initialized audit_enabled=0 res=1
[    0.216014] cpuidle: using governor ladder
[    0.217111] cpuidle: using governor menu
[    0.218192] ACPI: bus type PCI registered
[    0.220023] acpiphp: ACPI Hot Plug PCI Controller Driver version: 0.5
[    0.221784] PCI: Using configuration type 1 for base access
[    0.224622] HugeTLB registered 2.00 MiB page size, pre-allocated 0 pages
[    0.226087] ACPI: Added _OSI(Module Device)
[    0.228005] ACPI: Added _OSI(Processor Device)
[    0.229178] ACPI: Added _OSI(3.0 _SCP Extensions)
[    0.230421] ACPI: Added _OSI(Processor Aggregator Device)
[    0.232005] ACPI: Added _OSI(Linux-Dell-Video)
[    0.233171] ACPI: Added _OSI(Linux-Lenovo-NV-HDMI-Audio)
[    0.235171] ACPI: Added _OSI(Linux-HPI-Hybrid-Graphics)
[    0.236565] ACPI: Executed 1 blocks of module-level executable AML code
[    0.245028] ACPI: Interpreter enabled
[    0.246053] ACPI: (supports S0 S5)
[    0.246974] ACPI: Using IOAPIC for interrupt routing
[    0.248258] PCI: Using host bridge windows from ACPI; if necessary, use "pci=nocrs" and report a bug
[    0.251501] ACPI: Enabled 2 GPEs in block 00 to 07
[    0.261602] ACPI: PCI Root Bridge [PCI0] (domain 0000 [bus 00-ff])
[    0.264000] acpi PNP0A03:00: _OSC: OS supports [ASPM ClockPM Segments MSI]
[    0.264604] acpi PNP0A03:00: _OSC: not requesting OS control; OS requires [ExtendedConfig ASPM ClockPM MSI]
[    0.268015] acpi PNP0A03:00: fail to add MMCONFIG information, can't access extended PCI configuration space under this bridge.
[    0.272520] PCI host bridge to bus 0000:00
[    0.273662] pci_bus 0000:00: root bus resource [io  0x0000-0x0cf7 window]
[    0.276006] pci_bus 0000:00: root bus resource [io  0x0d00-0xffff window]
[    0.277731] pci_bus 0000:00: root bus resource [mem 0x000a0000-0x000bffff window]
[    0.280003] pci_bus 0000:00: root bus resource [mem 0x40000000-0xfdffffff window]
[    0.282014] pci_bus 0000:00: root bus resource [bus 00-ff]
[    0.288408] pci 0000:00:01.1: legacy IDE quirk: reg 0x10: [io  0x01f0-0x01f7]
[    0.292007] pci 0000:00:01.1: legacy IDE quirk: reg 0x14: [io  0x03f6]
[    0.294318] pci 0000:00:01.1: legacy IDE quirk: reg 0x18: [io  0x0170-0x0177]
[    0.296005] pci 0000:00:01.1: legacy IDE quirk: reg 0x1c: [io  0x0376]
[    0.325836] pci 0000:00:07.0: quirk: [io  0x4000-0x403f] claimed by PIIX4 ACPI
[    0.327761] pci 0000:00:07.0: quirk: [io  0x4100-0x410f] claimed by PIIX4 SMB
[    0.348104] ACPI: PCI Interrupt Link [LNKA] (IRQs 5 9 10 *11)
[    0.350054] ACPI: PCI Interrupt Link [LNKB] (IRQs 5 9 *10 11)
[    0.351736] ACPI: PCI Interrupt Link [LNKC] (IRQs 5 *9 10 11)
[    0.352167] ACPI: PCI Interrupt Link [LNKD] (IRQs 5 9 10 *11)
[    0.354172] SCSI subsystem initialized
[    0.356081] pci 0000:00:02.0: vgaarb: setting as boot VGA device
[    0.357749] pci 0000:00:02.0: vgaarb: VGA device added: decodes=io+mem,owns=io+mem,locks=none
[    0.360012] pci 0000:00:02.0: vgaarb: bridge control possible
[    0.361519] vgaarb: loaded
[    0.362309] ACPI: bus type USB registered
[    0.364025] usbcore: registered new interface driver usbfs
[    0.365731] usbcore: registered new interface driver hub
[    0.368036] usbcore: registered new device driver usb
[    0.370429] EDAC MC: Ver: 3.0.0
[    0.372270] PCI: Using ACPI for IRQ routing
[    0.373638] NetLabel: Initializing
[    0.376004] NetLabel:  domain hash size = 128
[    0.377157] NetLabel:  protocols = UNLABELED CIPSOv4 CALIPSO
[    0.378619] NetLabel:  unlabeled traffic allowed by default
[    0.380120] clocksource: Switched to clocksource kvm-clock
[    0.399511] VFS: Disk quotas dquot_6.6.0
[    0.400736] VFS: Dquot-cache hash table entries: 512 (order 0, 4096 bytes)
[    0.402642] AppArmor: AppArmor Filesystem Enabled
[    0.403911] pnp: PnP ACPI init
[    0.406623] pnp: PnP ACPI: found 3 devices
[    0.423261] clocksource: acpi_pm: mask: 0xffffff max_cycles: 0xffffff, max_idle_ns: 2085701024 ns
[    0.425670] NET: Registered protocol family 2
[    0.427026] TCP established hash table entries: 8192 (order: 4, 65536 bytes)
[    0.429918] TCP bind hash table entries: 8192 (order: 5, 131072 bytes)
[    0.433539] TCP: Hash tables configured (established 8192 bind 8192)
[    0.435403] UDP hash table entries: 512 (order: 2, 16384 bytes)
[    0.437014] UDP-Lite hash table entries: 512 (order: 2, 16384 bytes)
[    0.438655] NET: Registered protocol family 1
[    0.439981] pci 0000:00:00.0: Limiting direct PCI/PCI transfers
[    0.442485] pci 0000:00:01.0: Activating ISA DMA hang workarounds
[    0.445429] pci 0000:00:02.0: Video device with shadowed ROM at [mem 0x000c0000-0x000dffff]
[    0.447692] Unpacking initramfs...
[    0.889665] Freeing initrd memory: 19732K
[    0.890924] clocksource: tsc: mask: 0xffffffffffffffff max_cycles: 0x36c6563e7a6, max_idle_ns: 881590602333 ns
[    0.893920] platform rtc_cmos: registered platform RTC device (no PNP device found)
[    0.895952] Scanning for low memory corruption every 60 seconds
[    0.898516] Initialise system trusted keyrings
[    0.901322] Key type blacklist registered
[    0.903551] workingset: timestamp_bits=36 max_order=18 bucket_order=0
[    0.906904] zbud: loaded
[    0.908429] squashfs: version 4.0 (2009/01/31) Phillip Lougher
[    0.910322] fuse init (API version 7.26)
[    0.916277] Key type asymmetric registered
[    0.917427] Asymmetric key parser 'x509' registered
[    0.918787] Block layer SCSI generic (bsg) driver version 0.4 loaded (major 246)
[    0.920935] io scheduler noop registered
[    0.922055] io scheduler deadline registered
[    0.923252] io scheduler cfq registered (default)
[    0.925261] ACPI: AC Adapter [AC] (on-line)
[    0.926507] input: Power Button as /devices/LNXSYSTM:00/LNXPWRBN:00/input/input0
[    0.928643] ACPI: Power Button [PWRF]
[    0.929768] input: Sleep Button as /devices/LNXSYSTM:00/LNXSLPBN:00/input/input1
[    0.931785] ACPI: Sleep Button [SLPF]
[    0.934822] ACPI: Battery Slot [BAT0] (battery present)
[    0.936547] Serial: 8250/16550 driver, 32 ports, IRQ sharing enabled
[    0.959715] 00:02: ttyS0 at I/O 0x3f8 (irq = 4, base_baud = 115200) is a 16550A
[    0.975550] Linux agpgart interface v0.103
[    0.979991] loop: module loaded
[    0.982303] scsi host0: ata_piix
[    0.983641] scsi host1: ata_piix
[    0.984771] ata1: PATA max UDMA/33 cmd 0x1f0 ctl 0x3f6 bmdma 0xd000 irq 14
[    0.986513] ata2: PATA max UDMA/33 cmd 0x170 ctl 0x376 bmdma 0xd008 irq 15
[    0.988448] libphy: Fixed MDIO Bus: probed
[    0.989699] tun: Universal TUN/TAP device driver, 1.6
[    0.991196] PPP generic driver version 2.4.2
[    0.992814] ehci_hcd: USB 2.0 'Enhanced' Host Controller (EHCI) Driver
[    0.994532] ehci-pci: EHCI PCI platform driver
[    0.995724] ehci-platform: EHCI generic platform driver
[    0.997180] ohci_hcd: USB 1.1 'Open' Host Controller (OHCI) Driver
[    0.998774] ohci-pci: OHCI PCI platform driver
[    0.999971] ohci-platform: OHCI generic platform driver
[    1.001391] uhci_hcd: USB Universal Host Controller Interface driver
[    1.003105] i8042: PNP: PS/2 Controller [PNP0303:PS2K,PNP0f03:PS2M] at 0x60,0x64 irq 1,12
[    1.006400] serio: i8042 KBD port at 0x60,0x64 irq 1
[    1.008471] serio: i8042 AUX port at 0x60,0x64 irq 12
[    1.011177] mousedev: PS/2 mouse device common for all mice
[    1.014246] input: AT Translated Set 2 keyboard as /devices/platform/i8042/serio0/input/input2
[    1.016699] rtc_cmos rtc_cmos: rtc core: registered rtc_cmos as rtc0
[    1.018537] rtc_cmos rtc_cmos: alarms up to one day, 114 bytes nvram
[    1.020187] i2c /dev entries driver
[    1.021306] device-mapper: uevent: version 1.0.3
[    1.022698] device-mapper: ioctl: 4.37.0-ioctl (2017-09-20) initialised: dm-devel@redhat.com
[    1.025395] ledtrig-cpu: registered to indicate activity on CPUs
[    1.028118] NET: Registered protocol family 10
[    1.035183] Segment Routing with IPv6
[    1.036485] NET: Registered protocol family 17
[    1.037753] Key type dns_resolver registered
[    1.039321] mce: Using 0 MCE banks
[    1.040352] RAS: Correctable Errors collector initialized.
[    1.041782] sched_clock: Marking stable (1040328787, 0)->(1317844871, -277516084)
[    1.044926] registered taskstats version 1
[    1.046074] Loading compiled-in X.509 certificates
[    1.051183] Loaded X.509 cert 'Build time autogenerated kernel key: f0020782f0d3a548186fb3f47aed88387a71e859'
[    1.053906] zswap: loaded using pool lzo/zbud
[    1.060291] Key type big_key registered
[    1.061900] Key type trusted registered
[    1.066840] Key type encrypted registered
[    1.067975] AppArmor: AppArmor sha1 policy hashing enabled
[    1.069494] ima: No TPM chip found, activating TPM-bypass! (rc=-19)
[    1.071109] ima: Allocated hash algorithm: sha1
[    1.072507] evm: HMAC attrs: 0x1
[    1.073822]   Magic number: 12:631:981
[    1.074975] rtc_cmos rtc_cmos: setting system clock to 2020-03-02 10:59:44 UTC (1583146784)
[    1.077611] BIOS EDD facility v0.16 2004-Jun-25, 0 devices found
[    1.079177] EDD information not available.
[    1.153344] Freeing unused kernel image memory: 2428K
[    1.164418] Write protecting the kernel read-only data: 20480k
[    1.169184] Freeing unused kernel image memory: 2008K
[    1.172779] Freeing unused kernel image memory: 1880K
[    1.182026] x86/mm: Checked W+X mappings: passed, no W+X pages found.
[    1.183789] x86/mm: Checking user space page tables
[    1.191914] x86/mm: Checked W+X mappings: passed, no W+X pages found.
Loading, please wait...
starting version 237
[    1.307926] Fusion MPT base driver 3.04.20
[    1.309325] Copyright (c) 1999-2008 LSI Corporation
[    1.312812] e1000: Intel(R) PRO/1000 Network Driver - version 7.3.21-k8-NAPI
[    1.314793] e1000: Copyright (c) 1999-2006 Intel Corporation.
[    1.331958] Fusion MPT SPI Host driver 3.04.20
[    1.350128] AVX2 version of gcm_enc/dec engaged.
[    1.353815] AES CTR mode by8 optimization enabled
[    1.526930] input: ImExPS/2 Generic Explorer Mouse as /devices/platform/i8042/serio1/input/input4
[    1.781689] e1000 0000:00:03.0 eth0: (PCI:33MHz:32-bit) 02:39:cc:03:60:4d
[    1.784043] e1000 0000:00:03.0 eth0: Intel(R) PRO/1000 Network Connection
[    2.251966] e1000 0000:00:08.0 eth1: (PCI:33MHz:32-bit) 08:00:27:44:9e:8f
[    2.254456] e1000 0000:00:08.0 eth1: Intel(R) PRO/1000 Network Connection
[    2.258384] mptbase: ioc0: Initiating bringup
[    2.259698] e1000 0000:00:03.0 enp0s3: renamed from eth0
[    2.272785] e1000 0000:00:08.0 enp0s8: renamed from eth1
[    2.352465] ioc0: LSI53C1030 A0: Capabilities={Initiator}
[    2.598951] scsi host2: ioc0: LSI53C1030 A0, FwRev=00000000h, Ports=1, MaxQ=256, IRQ=20
[    2.770380] scsi 2:0:0:0: Direct-Access     VBOX     HARDDISK         1.0  PQ: 0 ANSI: 5
[    2.808400] scsi target2:0:0: Beginning Domain Validation
[    2.817163] scsi target2:0:0: Domain Validation skipping write tests
[    2.819411] scsi target2:0:0: Ending Domain Validation
[    2.821200] scsi target2:0:0: asynchronous
[    2.823900] scsi 2:0:1:0: Direct-Access     VBOX     HARDDISK         1.0  PQ: 0 ANSI: 5
[    2.856153] scsi target2:0:1: Beginning Domain Validation
[    2.862201] random: fast init done
[    2.864926] scsi target2:0:1: Domain Validation skipping write tests
[    2.866835] scsi target2:0:1: Ending Domain Validation
[    2.868363] scsi target2:0:1: asynchronous
[    2.881469] random: systemd-udevd: uninitialized urandom read (16 bytes read)
[    2.883415] random: systemd-udevd: uninitialized urandom read (16 bytes read)
[    2.885389] random: systemd-udevd: uninitialized urandom read (16 bytes read)
[    2.887791] sd 2:0:0:0: Attached scsi generic sg0 type 0
[    2.889465] sd 2:0:0:0: [sda] 20971520 512-byte logical blocks: (10.7 GB/10.0 GiB)
[    2.891713] sd 2:0:0:0: [sda] Write Protect is off
[    2.892261] sd 2:0:1:0: Attached scsi generic sg1 type 0
[    2.896399] sd 2:0:0:0: [sda] Incomplete mode parameter data
[    2.898230] sd 2:0:0:0: [sda] Assuming drive cache: write through
[    2.899804] sd 2:0:1:0: [sdb] 20480 512-byte logical blocks: (10.5 MB/10.0 MiB)
[    2.902248] sd 2:0:1:0: [sdb] Write Protect is off
[    2.904015] sd 2:0:1:0: [sdb] Incomplete mode parameter data
[    2.905650] sd 2:0:1:0: [sdb] Assuming drive cache: write through
[    2.917633]  sda: sda1
[    2.921784] sd 2:0:0:0: [sda] Attached SCSI disk
[    2.924635] sd 2:0:1:0: [sdb] Attached SCSI disk
Begin: Loading essential drivers ... [    4.542309] raid6: sse2x1   gen()  8549 MB/s
[    4.591786] raid6: sse2x1   xor()  6565 MB/s
[    4.641721] raid6: sse2x2   gen() 10363 MB/s
[    4.688263] raid6: sse2x2   xor()  6422 MB/s
[    4.736141] raid6: sse2x4   gen() 11729 MB/s
[    4.784629] raid6: sse2x4   xor()  7511 MB/s
[    4.832347] raid6: avx2x1   gen() 16056 MB/s
[    4.881889] raid6: avx2x1   xor() 11619 MB/s
[    4.928617] raid6: avx2x2   gen() 19031 MB/s
[    4.976754] raid6: avx2x2   xor() 11567 MB/s
[    5.024092] raid6: avx2x4   gen() 19412 MB/s
[    5.072036] raid6: avx2x4   xor() 13490 MB/s
[    5.073184] raid6: using algorithm avx2x4 gen() 19412 MB/s
[    5.074598] raid6: .... xor() 13490 MB/s, rmw enabled
[    5.076067] raid6: using avx2x2 recovery algorithm
[    5.079131] xor: automatically using best checksumming function   avx       
[    5.083051] async_tx: api initialized (async)
done.
Begin: Running /scripts/init-premount ... done.
Begin: Mounting root file system ... Begin: Running /scripts/local-top ... done.
Begin: Running /scripts/local-premount ... [    5.137909] Btrfs loaded, crc32c=crc32c-intel
Scanning for Btrfs filesystems
done.
Warning: fsck not present, so skipping root file system
[    5.201763] EXT4-fs (sda1): mounted filesystem with ordered data mode. Opts: (null)
done.
Begin: Running /scripts/local-bottom ... done.
Begin: Running /scripts/init-bottom ... done.
[    5.595696] ip_tables: (C) 2000-2006 Netfilter Core Team
[    5.622626] systemd[1]: systemd 237 running in system mode. (+PAM +AUDIT +SELINUX +IMA +APPARMOR +SMACK +SYSVINIT +UTMP +LIBCRYPTSETUP +GCRYPT +GNUTLS +ACL +XZ +LZ4 +SECCOMP +BLKID +ELFUTILS +KMOD -IDN2 +IDN -PCRE2 default-hierarchy=hybrid)
[    5.628782] systemd[1]: Detected virtualization oracle.
[    5.630179] systemd[1]: Detected architecture x86-64.

Welcome to [1mUbuntu 18.04.4 LTS[0m!

[    5.642964] systemd[1]: Set hostname to <ubuntu-bionic>.
[    6.332522] systemd[1]: Set up automount Arbitrary Executable File Formats File System Automount Point.
[[0;32m  OK  [0m] Set up automount Arbitrary Executabâ€¦rmats File System Automount Point.
[    6.340105] systemd[1]: Created slice User and Session Slice.
[[0;32m  OK  [0m] Created slice User and Session Slice.
[    6.343450] systemd[1]: Created slice System Slice.
[[0;32m  OK  [0m] Created slice System Slice.
[    6.346059] systemd[1]: Listening on Journal Socket.
[[0;32m  OK  [0m] Listening on Journal Socket.
[    6.351854] systemd[1]: Starting Load Kernel Modules...
         Starting Load Kernel Modules...
[    6.354711] systemd[1]: Listening on Syslog Socket.
[[0;32m  OK  [0m] Listening on Syslog Socket.
[[0;32m  OK  [0m] Reached target Slices.
         Starting Set the console keyboard layout...
         Mounting Huge Pages File System...
         Starting Uncomplicated firewall...
[[0;32m  OK  [0m] Listening on LVM2 metadata daemon socket.
         Starting Remount Root and Kernel File Systems...
[[0;32m  OK  [0m] Listening on udev Kernel Socket.
[[0;32m  OK  [0m] Reached target Swap.
[[0;32m  OK  [0m] Listening on udev Control Socket.
[[0;32m  OK  [0m] Listening on Network Service Netlink Socket.
[[0;32m  OK  [0m] Listening on Journal Audit Socket.[    6.380855] Loading iSCSI transport class v2.0-870.

[[0;32m  OK  [0m] Reached target User and Group Name Lookups.
         Starting Create list of required stâ€¦ce nodes for the current kernel...
         Mounting POSIX Message Queue File System...
[[0;32m  OK  [0m] Reached target System Time Synchronized.
[[0;32m  OK  [0m] Listening on Journal Socket (/dev/log).
[[0;32m  OK  [0m] Created slice system-serial\x2dgetty.slice.
         Starting udev Coldplug all Devices...
[[0;32m  OK  [0m] Started Forward Password Requests to Wall Directory Watch.
[[0;32m  OK  [0m] Listening on Device-mapper event daemon FIFOs.
[[0;32m  OK  [0m] Listening on /dev/initctl Compatibility Named Pipe.
         Starting Journal Service...
         Mounting Kernel Debug File System...
         Starting Monitoring of LVM2 mirrorsâ€¦ng dmeventd or progress polling...
[[0;32m  OK  [0m] Listening on LVM2 poll daemon socket.
[[0;32m  OK  [0m] Mounted Huge Pages File System.
[[0;32m  OK  [0m] Started Uncomplicated firewall.
[[0;32m  OK  [0m] Started Create list of required staâ€¦vice nodes for the current kernel.
[[0;32m  OK  [0m] Mounted POSIX Message Queue File System.
[[0;32m  OK  [0m] Mounted Kernel Debug File System.
[    6.451232] iscsi: registered transport (tcp)
         Starting Create Static Device Nodes in /dev...
[[0;32m  OK  [0m] Started LVM2 metadata daemon.
[    6.515665] EXT4-fs (sda1): re-mounted. Opts: (null)
[[0;32m  OK  [0m] Started Remount Root and Kernel File Systems.
         Starting Load/Save Random Seed...
[[0;32m  OK  [0m] Started udev Coldplug all Devices.
[[0;32m  OK  [0m] Started Journal Service.
         Starting Flush Journal to Persistent Storage...
[    6.639485] iscsi: registered transport (iser)
[[0;32m  OK  [0m] Started Load Kernel Modules.
         Mounting Kernel Configuration File System...
         Mounting FUSE Control File System...
         Starting Apply Kernel Variables...
[[0;32m  OK  [0m] Mounted FUSE Control File System.
[[0;32m  OK  [0m] Mounted Kernel Configuration File System.
[[0;32m  OK  [0m] Started Create Static Device Nodes in /dev.
[[0;32m  OK  [0m] Started Load/Save Random Seed.
         Starting udev Kernel Device Manager...
[    6.713093] systemd-journald[403]: Received request to flush runtime journal from PID 1
[[0;32m  OK  [0m] Started Monitoring of LVM2 mirrors,â€¦sing dmeventd or progress polling.
[[0;32m  OK  [0m] Started udev Kernel Device Manager.
[[0;32m  OK  [0m] Started Apply Kernel Variables.
[[0;32m  OK  [0m] Started Set the console keyboard layout.
[[0;32m  OK  [0m] Reached target Local File Systems (Pre).
[[0;32m  OK  [0m] Reached target Local File Systems.
         Starting Tell Plymouth To Write Out Runtime Data...
         Starting Set console font and keymap...
         Starting AppArmor initialization...
         Starting ebtables ruleset management...
[[0;32m  OK  [0m] Started Dispatch Password Requests to Console Directory Watch.
[[0;32m  OK  [0m] Reached target Local Encrypted Volumes.
[[0;32m  OK  [0m] Started Tell Plymouth To Write Out Runtime Data.
[[0;32m  OK  [0m] Started Set console font and keymap.
[[0;32m  OK  [0m] Started Flush Journal to Persistent Storage.
         Starting Create Volatile Files and Directories...
[[0;32m  OK  [0m] Started ebtables ruleset management.
[[0;32m  OK  [0m] Started Create Volatile Files and Directories.
         Starting Update UTMP about System Boot/Shutdown...
[[0;32m  OK  [0m] Found device /dev/ttyS0.
[[0;32m  OK  [0m] Started Update UTMP about System Boot/Shutdown.
[[0;32m  OK  [0m] Listening on Load/Save RF Kill Switch Status /dev/rfkill Watch.
[[0;32m  OK  [0m] Started AppArmor initialization.
         Starting Initial cloud-init job (pre-networking)...
[    9.756720] cloud-init[549]: Cloud-init v. 19.4-33-gbb4131a2-0ubuntu1~18.04.1 running 'init-local' at Mon, 02 Mar 2020 10:59:52 +0000. Up 9.46 seconds.
[[0;32m  OK  [0m] Started Initial cloud-init job (pre-networking).
[[0;32m  OK  [0m] Reached target Network (Pre).
         Starting Network Service...
[[0;32m  OK  [0m] Started Network Service.
         Starting Wait for Network to be Configured...
         Starting Network Name Resolution...
[[0;32m  OK  [0m] Started Network Name Resolution.
[[0;32m  OK  [0m] Reached target Network.
[[0;32m  OK  [0m] Reached target Host and Network Name Lookups.
[[0;32m  OK  [0m] Started Wait for Network to be Configured.
         Starting Initial cloud-init job (metadata service crawler)...
[   13.013018] cloud-init[711]: Cloud-init v. 19.4-33-gbb4131a2-0ubuntu1~18.04.1 running 'init' at Mon, 02 Mar 2020 10:59:56 +0000. Up 12.63 seconds.
[   13.022900] cloud-init[711]: ci-info: ++++++++++++++++++++++++++++++++++++++Net device info+++++++++++++++++++++++++++++++++++++++
[   13.030215] cloud-init[711]: ci-info: +--------+------+-----------------------------+---------------+--------+-------------------+
[   13.038233] cloud-init[711]: ci-info: | Device |  Up  |           Address           |      Mask     | Scope  |     Hw-Address    |
[   13.046474] cloud-init[711]: ci-info: +--------+------+-----------------------------+---------------+--------+-------------------+
[   13.054148] cloud-init[711]: ci-info: | enp0s3 | True |          10.0.2.15          | 255.255.255.0 | global | 02:39:cc:03:60:4d |
[   13.063040] cloud-init[711]: ci-info: | enp0s3 | True |  fe80::39:ccff:fe03:604d/64 |       .       |  link  | 02:39:cc:03:60:4d |
[   13.070998] cloud-init[711]: ci-info: | enp0s8 | True |        192.168.33.10        | 255.255.255.0 | global | 08:00:27:44:9e:8f |
[   13.076982] cloud-init[711]: ci-info: | enp0s8 | True | fe80::a00:27ff:fe44:9e8f/64 |       .       |  link  | 08:00:27:44:9e:8f |
[   13.080904] cloud-init[711]: ci-info: |   lo   | True |          127.0.0.1          |   255.0.0.0   |  host  |         .         |
[   13.085492] cloud-init[711]: ci-info: |   lo   | True |           ::1/128           |       .       |  host  |         .         |
[   13.090354] cloud-init[711]: ci-info: +--------+------+-----------------------------+---------------+--------+-------------------+
[   13.094516] cloud-init[711]: ci-info: +++++++++++++++++++++++++++++Route IPv4 info+++++++++++++++++++++++++++++
[   13.097656] cloud-init[711]: ci-info: +-------+--------------+----------+-----------------+-----------+-------+
[   13.103993] cloud-init[711]: ci-info: | Route | Destination  | Gateway  |     Genmask     | Interface | Flags |
[   13.108655] cloud-init[711]: ci-info: +-------+--------------+----------+-----------------+-----------+-------+
[   13.112770] cloud-init[711]: ci-info: |   0   |   0.0.0.0    | 10.0.2.2 |     0.0.0.0     |   enp0s3  |   UG  |
[   13.116524] cloud-init[711]: ci-info: |   1   |   10.0.2.0   | 0.0.0.0  |  255.255.255.0  |   enp0s3  |   U   |
[   13.119839] cloud-init[711]: ci-info: |   2   |   10.0.2.2   | 0.0.0.0  | 255.255.255.255 |   enp0s3  |   UH  |
[   13.123174] cloud-init[711]: ci-info: |   3   | 192.168.33.0 | 0.0.0.0  |  255.255.255.0  |   enp0s8  |   U   |
[   13.126845] cloud-init[711]: ci-info: +-------+--------------+----------+-----------------+-----------+-------+
[   13.139806] cloud-init[711]: ci-info: +++++++++++++++++++Route IPv6 info+++++++++++++++++++
[   13.145085] cloud-init[711]: ci-info: +-------+-------------+---------+-----------+-------+
[   13.149988] cloud-init[711]: ci-info: | Route | Destination | Gateway | Interface | Flags |
[   13.154744] cloud-init[711]: ci-info: +-------+-------------+---------+-----------+-------+
[   13.161166] cloud-init[711]: ci-info: |   1   |  fe80::/64  |    ::   |   enp0s8  |   U   |
[   13.167887] cloud-init[711]: ci-info: |   2   |  fe80::/64  |    ::   |   enp0s3  |   U   |
[   13.184635] cloud-init[711]: ci-info: |   4   |    local    |    ::   |   enp0s3  |   U   |
[   13.190920] cloud-init[711]: ci-info: |   5   |    local    |    ::   |   enp0s8  |   U   |
[   13.197024] cloud-init[711]: ci-info: |   6   |   ff00::/8  |    ::   |   enp0s8  |   U   |
[   13.203113] cloud-init[711]: ci-info: |   7   |   ff00::/8  |    ::   |   enp0s3  |   U   |
[   13.222759] cloud-init[711]: ci-info: +-------+-------------+---------+-----------+-------+
[[0;32m  OK  [0m] Started Initial cloud-init job (metadata service crawler).
[[0;32m  OK  [0m] Reached target Cloud-config availability.
[[0;32m  OK  [0m] Reached target Network is Online.
[[0;32m  OK  [0m] Reached target Remote File Systems (Pre).
[[0;32m  OK  [0m] Reached target Remote File Systems.
         Starting Availability of block devices...
[[0;32m  OK  [0m] Reached target System Initialization.
         Starting Socket activation for snappy daemon.
[[0;32m  OK  [0m] Started ACPI Events Check.
[[0;32m  OK  [0m] Listening on D-Bus System Message Bus Socket.
[[0;32m  OK  [0m] Started Daily Cleanup of Temporary Directories.
[[0;32m  OK  [0m] Started Message of the Day.
[[0;32m  OK  [0m] Started Daily apt download activities.
[[0;32m  OK  [0m] Started Daily apt upgrade and clean activities.
[[0;32m  OK  [0m] Started Discard unused blocks once a week.
[[0;32m  OK  [0m] Reached target Timers.
[[0;32m  OK  [0m] Listening on Open-iSCSI iscsid Socket.
[[0;32m  OK  [0m] Reached target Paths.
[[0;32m  OK  [0m] Listening on ACPID Listen Socket.
[[0;32m  OK  [0m] Listening on UUID daemon activation socket.
         Starting LXD - unix socket.
[[0;32m  OK  [0m] Started Availability of block devices.
[[0;32m  OK  [0m] Listening on Socket activation for snappy daemon.
[[0;32m  OK  [0m] Listening on LXD - unix socket.
[[0;32m  OK  [0m] Reached target Sockets.
[[0;32m  OK  [0m] Reached target Basic System.
[[0;32m  OK  [0m] Started FUSE filesystem for LXC.
         Starting Accounts Service...
[[0;32m  OK  [0m] Started Deferred execution scheduler.
         Starting Login Service...
[[0;32m  OK  [0m] Started irqbalance daemon.
         Starting LSB: Record successful boot for GRUB...
         Starting System Logging Service...
         Starting vboxadd.service...
[[0;32m  OK  [0m] Started Regular background program processing daemon.
         Starting LXD - container startup/shutdown...
         Starting Dispatcher daemon for systemd-networkd...
[[0;32m  OK  [0m] Started D-Bus System Message Bus.
[[0;32m  OK  [0m] Started Login Service.
[[0;32m  OK  [0m] Started Unattended Upgrades Shutdown.
         Starting Permit User Sessions...
         Starting LSB: automatic crash report generation...
         Starting OpenBSD Secure Shell server...
         Starting Snappy daemon...
[[0;32m  OK  [0m] Started System Logging Service.
[[0;32m  OK  [0m] Started Permit User Sessions.
         Starting Authorization Manager...
         Starting Hold until boot process finishes up...
         Starting Terminate Plymouth Boot Screen...
[[0;32m  OK  [0m] Started Hold until boot process finishes up.
         Starting Set console scheme...
[[0;32m  OK  [0m] Started Serial Getty on ttyS0.
[[0;32m  OK  [0m] Started Terminate Plymouth Boot Screen.
[[0;32m  OK  [0m] Started Set console scheme.
[[0;32m  OK  [0m] Created slice system-getty.slice.
[[0;32m  OK  [0m] Started Getty on tty1.
[[0;32m  OK  [0m] Reached target Login Prompts.
[[0;32m  OK  [0m] Started LSB: Record successful boot for GRUB.
[[0;32m  OK  [0m] Started LSB: automatic crash report generation.
[[0;32m  OK  [0m] Started Authorization Manager.
[[0;32m  OK  [0m] Started Accounts Service.
[[0;32m  OK  [0m] Started OpenBSD Secure Shell server.
[[0;32m  OK  [0m] Started LXD - container startup/shutdown.
[[0;32m  OK  [0m] Started Dispatcher daemon for systemd-networkd.
[[0;32m  OK  [0m] Created slice User Slice of vagrant.
[[0;32m  OK  [0m] Started Snappy daemon.
         Starting User Manager for UID 1000...
         Starting Wait until snapd is fully seeded...
[[0;32m  OK  [0m] Started Session 1 of user vagrant.
[[0;32m  OK  [0m] Started Wait until snapd is fully seeded.
         Starting Apply the settings specified in cloud-config...
[[0;32m  OK  [0m] Started User Manager for UID 1000.
[   17.037908] cloud-init[981]: Cloud-init v. 19.4-33-gbb4131a2-0ubuntu1~18.04.1 running 'modules:config' at Mon, 02 Mar 2020 11:00:00 +0000. Up 16.79 seconds.
[[0;32m  OK  [0m] Started Apply the settings specified in cloud-config.
[[0;32m  OK  [0m] Started vboxadd.service.
         Starting vboxadd-service.service...
[[0;32m  OK  [0m] Started vboxadd-service.service.
[[0;32m  OK  [0m] Reached target Multi-User System.
         Starting Execute cloud user/final scripts...
[[0;32m  OK  [0m] Reached target Graphical Interface.
         Starting Update UTMP about System Runlevel Changes...
[[0;32m  OK  [0m] Started Update UTMP about System Runlevel Changes.
[   18.585943] cloud-init[1139]: Cloud-init v. 19.4-33-gbb4131a2-0ubuntu1~18.04.1 running 'modules:final' at Mon, 02 Mar 2020 11:00:01 +0000. Up 18.37 seconds.
[   18.590099] cloud-init[1139]: Cloud-init v. 19.4-33-gbb4131a2-0ubuntu1~18.04.1 finished at Mon, 02 Mar 2020 11:00:02 +0000. Datasource DataSourceNoCloud [seed=/dev/sdb][dsmode=net].  Up 18.57 seconds
[[0;32m  OK  [0m] Started Execute cloud user/final scripts.
[[0;32m  OK  [0m] Reached target Cloud-init target.

Ubuntu 18.04.4 LTS ubuntu-bionic ttyS0

ubuntu-bionic login: [[0;32m  OK  [0m] Closed Load/Save RF Kill Switch Status /dev/rfkill Watch.
[[0;32m  OK  [0m] Stopped target Timers.
         Stopping Availability of block devices...
[[0;32m  OK  [0m] Stopped Daily apt upgrade and clean activities.
         Stopping User Manager for UID 1000...
[[0;32m  OK  [0m] Stopped target Cloud-init target.
[[0;32m  OK  [0m] Stopped Execute cloud user/final scripts.
[[0;32m  OK  [0m] Stopped Apply the settings specified in cloud-config.
[[0;32m  OK  [0m] Stopped target Host and Network Name Lookups.
[[0;32m  OK  [0m] Stopped Daily Cleanup of Temporary Directories.
[[0;32m  OK  [0m] Stopped Message of the Day.
[[0;32m  OK  [0m] Stopped target Graphical Interface.
[[0;32m  OK  [0m] Stopped target Multi-User System.
         Stopping Unattended Upgrades Shutdown...
         Stopping Dispatcher daemon for systemd-networkd...
         Stopping Deferred execution scheduler...
         Stopping irqbalance daemon...
         Stopping LXD - container startup/shutdown...
         Stopping OpenBSD Secure Shell server...
         Stopping Regular background program processing daemon...
         Stopping FUSE filesystem for LXC...
         Stopping D-Bus System Message Bus...
[[0;32m  OK  [0m] Stopped Wait until snapd is fully seeded.
[[0;32m  OK  [0m] Stopped target Login Prompts.
         Stopping Serial Getty on ttyS0...
         Stopped target Cloud-config availability.
         Stopping LSB: automatic crash report generation...
[[0;32m  OK  [0m] Stopped Discard unused blocks once a week.
         Stopping Authorization Manager...
         Stopping LSB: Record successful boot for GRUB...
[[0;32m  OK  [0m] Stopped target Network is Online.
[[0;32m  OK  [0m] Stopped Daily apt download activities.
[[0;32m  OK  [0m] Stopped target System Time Synchronized.
[[0;32m  OK  [0m] Unmounted /var/lib/lxcfs.
[[0;32m  OK  [0m] Stopped Accounts Service.
[[0;32m  OK  [0m] Stopped Deferred execution scheduler.
[[0;32m  OK  [0m] Stopped irqbalance daemon.
[[0;32m  OK  [0m] Stopped System Logging Service.
[[0;32m  OK  [0m] Stopped Regular background program processing daemon.
[[0;32m  OK  [0m] Stopped Dispatcher daemon for systemd-networkd.
[[0;32m  OK  [0m] Stopped Authorization Manager.
[[0;32m  OK  [0m] Stopped Serial Getty on ttyS0.
[[0;32m  OK  [0m] Stopped Getty on tty1.
[[0;32m  OK  [0m] Stopped OpenBSD Secure Shell server.
[[0;32m  OK  [0m] Stopped User Manager for UID 1000.
[[0;32m  OK  [0m] Stopped D-Bus System Message Bus.
[[0;32m  OK  [0m] Stopped FUSE filesystem for LXC.
[[0;32m  OK  [0m] Stopped Session 6 of user vagrant.
[[0;32m  OK  [0m] Removed slice User Slice of vagrant.
[[0;32m  OK  [0m] Removed slice system-getty.slice.
         Stopping Permit User Sessions...
[[0;32m  OK  [0m] Removed slice system-serial\x2dgetty.slice.
[[0;32m  OK  [0m] Stopped Unattended Upgrades Shutdown.
[[0;32m  OK  [0m] Stopped Availability of block devices.
[[0;32m  OK  [0m] Stopped Permit User Sessions.
[[0;32m  OK  [0m] Stopped target Network.
         Stopping Network Name Resolution...
         Stopping Login Service...
[[0;32m  OK  [0m] Stopped LXD - container startup/shutdown.
[[0;32m  OK  [0m] Stopped LSB: Record successful boot for GRUB.
[[0;32m  OK  [0m] Stopped Network Name Resolution.
[[0;32m  OK  [0m] Stopped vboxadd-service.service.
[[0;32m  OK  [0m] Stopped LSB: automatic crash report generation.
[[0;32m  OK  [0m] Stopped target Remote File Systems.
[[0;32m  OK  [0m] Stopped target Remote File Systems (Pre).
         Stopping vboxadd.service...
         Stopping Network Service...
[[0;32m  OK  [0m] Stopped Login Service.
[[0;32m  OK  [0m] Stopped target User and Group Name Lookups.
[[0;32m  OK  [0m] Stopped Network Service.
[[0;32m  OK  [0m] Stopped target Network (Pre).
[[0;32m  OK  [0m] Unmounted /vagrant.
[[0;32m  OK  [0m] Stopped vboxadd.service.
[[0;32m  OK  [0m] Stopped target Basic System.
[[0;32m  OK  [0m] Stopped target Slices.
[[0;32m  OK  [0m] Removed slice User and Session Slice.
[[0;32m  OK  [0m] Stopped target Sockets.
[[0;32m  OK  [0m] Closed LXD - unix socket.
[[0;32m  OK  [0m] Closed Socket activation for snappy daemon.
[[0;32m  OK  [0m] Closed ACPID Listen Socket.
[[0;32m  OK  [0m] Closed D-Bus System Message Bus Socket.
[[0;32m  OK  [0m] Closed Syslog Socket.
[[0;32m  OK  [0m] Closed UUID daemon activation socket.
[[0;32m  OK  [0m] Closed Open-iSCSI iscsid Socket.
[[0;32m  OK  [0m] Stopped target Paths.
[[0;32m  OK  [0m] Stopped ACPI Events Check.
[[0;32m  OK  [0m] Stopped target System Initialization.
[[0;32m  OK  [0m] Stopped Initial cloud-init job (metadata service crawler).
[[0;32m  OK  [0m] Stopped target Local Encrypted Volumes.
[[0;32m  OK  [0m] Stopped Forward Password Requests to Wall Directory Watch.
[[0;32m  OK  [0m] Stopped Dispatch Password Requests to Console Directory Watch.
         Stopping Load/Save Random Seed...
         Stopping Update UTMP about System Boot/Shutdown...
[[0;32m  OK  [0m] Stopped Apply Kernel Variables.
[[0;32m  OK  [0m] Stopped Initial cloud-init job (pre-networking).
[[0;32m  OK  [0m] Stopped Load Kernel Modules.
[[0;32m  OK  [0m] Stopped Load/Save Random Seed.
[[0;32m  OK  [0m] Stopped Update UTMP about System Boot/Shutdown.
[[0;32m  OK  [0m] Stopped Create Volatile Files and Directories.
[[0;32m  OK  [0m] Stopped target Local File Systems.
         Unmounting /run/user/1000...
[[0;32m  OK  [0m] Unmounted /run/user/1000.
[[0;32m  OK  [0m] Reached target Unmount All Filesystems.
[[0;32m  OK  [0m] Stopped target Local File Systems (Pre).
[[0;32m  OK  [0m] Stopped Remount Root and Kernel File Systems.
[[0;32m  OK  [0m] Stopped Create Static Device Nodes in /dev.
         Stopping Monitoring of LVM2 mirrorsâ€¦ng dmeventd or progress polling...
[[0;32m  OK  [0m] Stopped target Swap.
[[0;32m  OK  [0m] Reached target Shutdown.
[[0;32m  OK  [0m] Reached target Final Step.
         Starting Power-Off...
[[0;32m  OK  [0m] Stopped Monitoring of LVM2 mirrors,â€¦sing dmeventd or progress polling.
         Stopping LVM2 metadata daemon...
[[0;32m  OK  [0m] Stopped LVM2 metadata daemon.
[ 2943.325949] reboot: Power down
